// Jest Snapshot v1, https://goo.gl/fbAQLP

exports[`Transaction component should match the snapshot 1`] = `
<div>
  <li
    class="minus"
  >
     
    <span>
      +
      $
      NaN
    </span>
    <button
      class="delete-btn"
    >
      x
    </button>
  </li>
</div>
`;
